DEBUG 2026-02-27 14:37:02.257 UTC: 	 CRAB Client version: v3.251020
DEBUG 2026-02-27 14:37:02.258 UTC: 	 Running on: Linux glados.crc.nd.edu 5.14.0-611.26.1.el9_7.x86_64 #1 SMP PREEMPT_DYNAMIC Sat Jan 17 05:14:35 EST 2026 x86_64 x86_64 x86_64 GNU/Linux
DEBUG 2026-02-27 14:37:02.258 UTC: 	 Using SINGULARITY image: el7:x86_64
DEBUG 2026-02-27 14:37:02.258 UTC: 	 Operating System: CentOS Linux 7 (Core)
DEBUG 2026-02-27 14:37:02.258 UTC: 	 Executing command: 'status'
DEBUG 2026-02-27 14:37:02.258 UTC: 	 Found CRAB cache file /users/hnelson2/.crab3
ERROR 2026-02-27 14:37:02.260 UTC: 	 Error: crabLHEGEN/crab_UL16APV_mtt0to700_v4 is not a valid CRAB project directory.
ERROR 2026-02-27 14:37:02.260 UTC: 	 Caught ClientException exception
Traceback (most recent call last):
  File "/cvmfs/cms.cern.ch/share/cms/crab-prod/v3.251020.00/bin/crab.py", line 157, in <module>
    client()
  File "/cvmfs/cms.cern.ch/share/cms/crab-prod/v3.251020.00/bin/crab.py", line 135, in __call__
    self.cmd = sub_cmd(self.logger, args[1:])  # the crab command to be executed
  File "/cvmfs/cms.cern.ch/share/cms/crab-prod/v3.251020.00/lib/CRABClient/Commands/status.py", line 50, in __init__
    SubCommand.__init__(self, logger, cmdargs)
  File "/cvmfs/cms.cern.ch/share/cms/crab-prod/v3.251020.00/lib/CRABClient/Commands/SubCommand.py", line 281, in __init__
    SubCommand.validateOptions(self)
  File "/cvmfs/cms.cern.ch/share/cms/crab-prod/v3.251020.00/lib/CRABClient/Commands/SubCommand.py", line 691, in validateOptions
    raise ConfigurationException(msg)
CRABClient.ClientExceptions.ConfigurationException: [91mError[0m: crabLHEGEN/crab_UL16APV_mtt0to700_v4 is not a valid CRAB project directory.
INFO 2026-02-27 14:37:02.266 UTC: 	 Log file is /users/hnelson2/mc_production/crab/crab_2016APV/crab.log
DEBUG 2026-02-27 14:37:14.425 UTC: 	 CRAB Client version: v3.251020
DEBUG 2026-02-27 14:37:14.426 UTC: 	 Running on: Linux glados.crc.nd.edu 5.14.0-611.26.1.el9_7.x86_64 #1 SMP PREEMPT_DYNAMIC Sat Jan 17 05:14:35 EST 2026 x86_64 x86_64 x86_64 GNU/Linux
DEBUG 2026-02-27 14:37:14.426 UTC: 	 Using SINGULARITY image: el7:x86_64
DEBUG 2026-02-27 14:37:14.426 UTC: 	 Operating System: CentOS Linux 7 (Core)
DEBUG 2026-02-27 14:37:14.426 UTC: 	 Executing command: 'status'
DEBUG 2026-02-27 14:37:14.426 UTC: 	 Found CRAB cache file /users/hnelson2/.crab3
ERROR 2026-02-27 14:37:14.438 UTC: 	 Error: crabLHEGEN/crab_UL16APV_mtt0to700_v5 is not a valid CRAB project directory.
ERROR 2026-02-27 14:37:14.439 UTC: 	 Caught ClientException exception
Traceback (most recent call last):
  File "/cvmfs/cms.cern.ch/share/cms/crab-prod/v3.251020.00/bin/crab.py", line 157, in <module>
    client()
  File "/cvmfs/cms.cern.ch/share/cms/crab-prod/v3.251020.00/bin/crab.py", line 135, in __call__
    self.cmd = sub_cmd(self.logger, args[1:])  # the crab command to be executed
  File "/cvmfs/cms.cern.ch/share/cms/crab-prod/v3.251020.00/lib/CRABClient/Commands/status.py", line 50, in __init__
    SubCommand.__init__(self, logger, cmdargs)
  File "/cvmfs/cms.cern.ch/share/cms/crab-prod/v3.251020.00/lib/CRABClient/Commands/SubCommand.py", line 281, in __init__
    SubCommand.validateOptions(self)
  File "/cvmfs/cms.cern.ch/share/cms/crab-prod/v3.251020.00/lib/CRABClient/Commands/SubCommand.py", line 691, in validateOptions
    raise ConfigurationException(msg)
CRABClient.ClientExceptions.ConfigurationException: [91mError[0m: crabLHEGEN/crab_UL16APV_mtt0to700_v5 is not a valid CRAB project directory.
INFO 2026-02-27 14:37:14.440 UTC: 	 Log file is /users/hnelson2/mc_production/crab/crab_2016APV/crab.log
